<html>
<body>
<pre>
<h1>µVision Build Log</h1>
<h2>Project:</h2>
E:\Elektronik\Projects\EXPKITS\CDLER\S Boards\EXS03 - STM32\Examples\STM32F103\DS18B20 Uygulamasi\MDK-ARM\Project.uvproj
Project File Date:  05/25/2012

<h2>Output:</h2>
Load "E:\\Elektronik\\Projects\\EXPKITS\\CDLER\\S Boards\\EXS03 - STM32\\Examples\\STM32F103\\DS18B20 Uygulamasi\\MDK-ARM\\Obj\\Project.AXF" 
* JLink Info: Device "STM32F103R8" selected (64 KB flash, 20 KB RAM).
Set JLink Project File to "E:\Elektronik\Projects\EXPKITS\CDLER\S Boards\EXS03 - STM32\Examples\STM32F103\DS18B20 Uygulamasi\MDK-ARM\JLinkSettings.ini"
 
JLink info:
------------
DLL: V4.42a, compiled Feb  8 2012 19:01:12
Firmware: J-Link ARM V8 compiled Feb  8 2012 14:30:39
Hardware: V8.00
S/N : 20090626 
Feature(s) : RDI,FlashDL,FlashBP,JFlash,GDBFull 
 
* JLink Info: TotalIRLen = 9, IRPrint = 0x0011
* JLink Info: Found Cortex-M3 r1p1, Little endian.
* JLink Info: TPIU fitted.
* JLink Info:   FPUnit: 6 code (BP) slots and 2 literal slots
ROMTableAddr = 0xE00FF003
* JLink Info: TotalIRLen = 9, IRPrint = 0x0011
* JLink Info: Found Cortex-M3 r1p1, Little endian.
* JLink Info: TPIU fitted.
* JLink Info:   FPUnit: 6 code (BP) slots and 2 literal slots
* JLink Info: Found Cortex-M3 r1p1, Little endian.
* JLink Info: TPIU fitted.
* JLink Info:   FPUnit: 6 code (BP) slots and 2 literal slots
 
Target info:
------------
Device: STM32F103R8
VTarget = 3.325V
State of Pins: 
TCK: 1, TDI: 0, TDO: 1, TMS: 0, TRES: 1, TRST: 1
Hardware-Breakpoints: 6
Software-Breakpoints: 8192
Watchpoints:          4
JTAG speed: 2000 kHz
 
Full Chip Erase Done.
Programming Done.
Verify OK.
* JLink Info: TotalIRLen = 9, IRPrint = 0x0011
* JLink Info: Found Cortex-M3 r1p1, Little endian.
* JLink Info: TPIU fitted.
* JLink Info:   FPUnit: 6 code (BP) slots and 2 literal slots
* JLink Info: Found Cortex-M3 r1p1, Little endian.
* JLink Info: TPIU fitted.
* JLink Info:   FPUnit: 6 code (BP) slots and 2 literal slots
Application running ...
Rebuild target 'Expkits'
compiling main.c...
compiling stm32f10x_it.c...
compiling stm32f10x_systick.c...
compiling systick.c...
compiling lcd.c...
compiling ds18b20.c...
..\USER\ds18b20.c(89): warning: C3017W: busy may be used before being set
compiling misc.c...
compiling stm32f10x_flash.c...
compiling stm32f10x_gpio.c...
compiling stm32f10x_rcc.c...
compiling stm32f10x_adc.c...
compiling stm32f10x_bkp.c...
compiling stm32f10x_can.c...
compiling stm32f10x_cec.c...
compiling stm32f10x_crc.c...
compiling stm32f10x_dac.c...
compiling stm32f10x_dbgmcu.c...
compiling stm32f10x_dma.c...
compiling stm32f10x_exti.c...
compiling stm32f10x_fsmc.c...
compiling stm32f10x_i2c.c...
compiling stm32f10x_iwdg.c...
compiling stm32f10x_pwr.c...
compiling stm32f10x_rtc.c...
compiling stm32f10x_sdio.c...
compiling stm32f10x_spi.c...
compiling stm32f10x_tim.c...
compiling stm32f10x_usart.c...
compiling stm32f10x_wwdg.c...
compiling core_cm3.c...
compiling system_stm32f10x.c...
assembling startup_stm32f10x_hd.s...
linking...
Program Size: Code=6020 RO-data=336 RW-data=100 ZI-data=1044  
FromELF: creating hex file...
".\Obj\Project.axf" - 0 Error(s), 1 Warning(s).
Load "E:\\Elektronik\\Projects\\EXPKITS\\CDLER\\S Boards\\EXS03 - STM32\\Examples\\STM32F103\\DS18B20 Uygulamasi\\MDK-ARM\\Obj\\Project.AXF" 
* JLink Info: Device "STM32F103R8" selected (64 KB flash, 20 KB RAM).
Set JLink Project File to "E:\Elektronik\Projects\EXPKITS\CDLER\S Boards\EXS03 - STM32\Examples\STM32F103\DS18B20 Uygulamasi\MDK-ARM\JLinkSettings.ini"
 
JLink info:
------------
DLL: V4.42a, compiled Feb  8 2012 19:01:12
Firmware: J-Link ARM V8 compiled Feb  8 2012 14:30:39
Hardware: V8.00
S/N : 20090626 
Feature(s) : RDI,FlashDL,FlashBP,JFlash,GDBFull 
 
* JLink Info: TotalIRLen = 9, IRPrint = 0x0011
* JLink Info: Found Cortex-M3 r1p1, Little endian.
* JLink Info: TPIU fitted.
* JLink Info:   FPUnit: 6 code (BP) slots and 2 literal slots
ROMTableAddr = 0xE00FF003
* JLink Info: TotalIRLen = 9, IRPrint = 0x0011
* JLink Info: Found Cortex-M3 r1p1, Little endian.
* JLink Info: TPIU fitted.
* JLink Info:   FPUnit: 6 code (BP) slots and 2 literal slots
* JLink Info: Found Cortex-M3 r1p1, Little endian.
* JLink Info: TPIU fitted.
* JLink Info:   FPUnit: 6 code (BP) slots and 2 literal slots
 
Target info:
------------
Device: STM32F103R8
VTarget = 3.325V
State of Pins: 
TCK: 1, TDI: 0, TDO: 1, TMS: 0, TRES: 1, TRST: 1
Hardware-Breakpoints: 6
Software-Breakpoints: 8192
Watchpoints:          4
JTAG speed: 2000 kHz
 
Full Chip Erase Done.
Programming Done.
Verify OK.
* JLink Info: TotalIRLen = 9, IRPrint = 0x0011
* JLink Info: Found Cortex-M3 r1p1, Little endian.
* JLink Info: TPIU fitted.
* JLink Info:   FPUnit: 6 code (BP) slots and 2 literal slots
* JLink Info: Found Cortex-M3 r1p1, Little endian.
* JLink Info: TPIU fitted.
* JLink Info:   FPUnit: 6 code (BP) slots and 2 literal slots
Application running ...
Build target 'Expkits'
compiling main.c...
compiling stm32f10x_it.c...
compiling stm32f10x_systick.c...
compiling systick.c...
compiling lcd.c...
compiling ds18b20.c...
..\USER\ds18b20.c(89): warning: C3017W: busy may be used before being set
compiling misc.c...
compiling stm32f10x_flash.c...
compiling stm32f10x_gpio.c...
compiling stm32f10x_rcc.c...
compiling stm32f10x_adc.c...
compiling stm32f10x_bkp.c...
compiling stm32f10x_can.c...
compiling stm32f10x_cec.c...
compiling stm32f10x_crc.c...
compiling stm32f10x_dac.c...
compiling stm32f10x_dbgmcu.c...
compiling stm32f10x_dma.c...
compiling stm32f10x_exti.c...
compiling stm32f10x_fsmc.c...
compiling stm32f10x_i2c.c...
compiling stm32f10x_iwdg.c...
compiling stm32f10x_pwr.c...
compiling stm32f10x_rtc.c...
compiling stm32f10x_sdio.c...
compiling stm32f10x_spi.c...
compiling stm32f10x_tim.c...
compiling stm32f10x_usart.c...
compiling stm32f10x_wwdg.c...
compiling core_cm3.c...
compiling system_stm32f10x.c...
linking...
Program Size: Code=6024 RO-data=336 RW-data=100 ZI-data=1044  
FromELF: creating hex file...
".\Obj\Project.axf" - 0 Error(s), 1 Warning(s).
Load "E:\\Elektronik\\Projects\\EXPKITS\\CDLER\\S Boards\\EXS03 - STM32\\Examples\\STM32F103\\DS18B20 Uygulamasi\\MDK-ARM\\Obj\\Project.AXF" 
* JLink Info: Device "STM32F103R8" selected (64 KB flash, 20 KB RAM).
Set JLink Project File to "E:\Elektronik\Projects\EXPKITS\CDLER\S Boards\EXS03 - STM32\Examples\STM32F103\DS18B20 Uygulamasi\MDK-ARM\JLinkSettings.ini"
 
JLink info:
------------
DLL: V4.42a, compiled Feb  8 2012 19:01:12
Firmware: J-Link ARM V8 compiled Feb  8 2012 14:30:39
Hardware: V8.00
S/N : 20090626 
Feature(s) : RDI,FlashDL,FlashBP,JFlash,GDBFull 
 
* JLink Info: TotalIRLen = 9, IRPrint = 0x0011
* JLink Info: Found Cortex-M3 r1p1, Little endian.
* JLink Info: TPIU fitted.
* JLink Info:   FPUnit: 6 code (BP) slots and 2 literal slots
ROMTableAddr = 0xE00FF003
* JLink Info: TotalIRLen = 9, IRPrint = 0x0011
* JLink Info: Found Cortex-M3 r1p1, Little endian.
* JLink Info: TPIU fitted.
* JLink Info:   FPUnit: 6 code (BP) slots and 2 literal slots
* JLink Info: Found Cortex-M3 r1p1, Little endian.
* JLink Info: TPIU fitted.
* JLink Info:   FPUnit: 6 code (BP) slots and 2 literal slots
 
Target info:
------------
Device: STM32F103R8
VTarget = 3.325V
State of Pins: 
TCK: 1, TDI: 0, TDO: 1, TMS: 0, TRES: 1, TRST: 1
Hardware-Breakpoints: 6
Software-Breakpoints: 8192
Watchpoints:          4
JTAG speed: 2000 kHz
 
Full Chip Erase Done.
Programming Done.
Verify OK.
* JLink Info: TotalIRLen = 9, IRPrint = 0x0011
* JLink Info: Found Cortex-M3 r1p1, Little endian.
* JLink Info: TPIU fitted.
* JLink Info:   FPUnit: 6 code (BP) slots and 2 literal slots
* JLink Info: Found Cortex-M3 r1p1, Little endian.
* JLink Info: TPIU fitted.
* JLink Info:   FPUnit: 6 code (BP) slots and 2 literal slots
Application running ...
